0
1 2
1 3
2 2 2
1 5
2 2 3
1 7
3 2 2 2
2 3 3
2 2 5
1 11
3 2 2 3
1 13
2 2 7
2 3 5
4 2 2 2 2
1 17
3 2 3 3
1 19
3 2 2 5
2 3 7
2 2 11
1 23
4 2 2 2 3
2 5 5
2 2 13
3 3 3 3
3 2 2 7
1 29
3 2 3 5
1 31
5 2 2 2 2 2
2 3 11
2 2 17
2 5 7
4 2 2 3 3
1 37
2 2 19
2 3 13
4 2 2 2 5
1 41
3 2 3 7
1 43
3 2 2 11
3 3 3 5
2 2 23
1 47
5 2 2 2 2 3
2 7 7
3 2 5 5
2 3 17
3 2 2 13
1 53
4 2 3 3 3
2 5 11
4 2 2 2 7
2 3 19
2 2 29
1 59
4 2 2 3 5
1 61
2 2 31
3 3 3 7
6 2 2 2 2 2 2
2 5 13
3 2 3 11
1 67
3 2 2 17
2 3 23
3 2 5 7
1 71
5 2 2 2 3 3
1 73
2 2 37
3 3 5 5
3 2 2 19
2 7 11
3 2 3 13
1 79
5 2 2 2 2 5
4 3 3 3 3
2 2 41
1 83
4 2 2 3 7
2 5 17
2 2 43
2 3 29
4 2 2 2 11
1 89
4 2 3 3 5
2 7 13
3 2 2 23
2 3 31
2 2 47
2 5 19
6 2 2 2 2 2 3
1 97
3 2 7 7
3 3 3 11
4 2 2 5 5
