2 3 67
2 2 101
2 7 29
4 2 2 3 17
2 5 41
2 2 103
3 3 3 23
5 2 2 2 2 13
2 11 19
4 2 3 5 7
1 211
3 2 2 53
2 3 71
2 2 107
2 5 43
6 2 2 2 3 3 3
2 7 31
2 2 109
2 3 73
4 2 2 5 11
2 13 17
3 2 3 37
1 223
6 2 2 2 2 2 7
4 3 3 5 5
2 2 113
1 227
4 2 2 3 19
1 229
3 2 5 23
3 3 7 11
4 2 2 2 29
1 233
4 2 3 3 13
2 5 47
3 2 2 59
2 3 79
3 2 7 17
1 239
6 2 2 2 2 3 5
1 241
3 2 11 11
5 3 3 3 3 3
3 2 2 61
3 5 7 7
3 2 3 41
2 13 19
4 2 2 2 31
2 3 83
4 2 5 5 5
1 251
5 2 2 3 3 7
2 11 23
2 2 127
3 3 5 17
8 2 2 2 2 2 2 2 2
1 257
3 2 3 43
2 7 37
4 2 2 5 13
3 3 3 29
2 2 131
1 263
5 2 2 2 3 11
2 5 53
3 2 7 19
2 3 89
3 2 2 67
1 269
5 2 3 3 3 5
1 271
5 2 2 2 2 17
3 3 7 13
2 2 137
3 5 5 11
4 2 2 3 23
1 277
2 2 139
3 3 3 31
5 2 2 2 5 7
1 281
3 2 3 47
1 283
3 2 2 71
3 3 5 19
3 2 11 13
2 7 41
7 2 2 2 2 2 3 3
2 17 17
3 2 5 29
2 3 97
3 2 2 73
1 293
4 2 3 7 7
2 5 59
4 2 2 2 37
4 3 3 3 11
2 2 149
2 13 23
5 2 2 3 5 5
