1 101
3 2 3 17
1 103
4 2 2 2 13
3 3 5 7
2 2 53
1 107
5 2 2 3 3 3
1 109
3 2 5 11
2 3 37
5 2 2 2 2 7
1 113
3 2 3 19
2 5 23
3 2 2 29
3 3 3 13
2 2 59
2 7 17
5 2 2 2 3 5
2 11 11
2 2 61
2 3 41
3 2 2 31
3 5 5 5
4 2 3 3 7
1 127
7 2 2 2 2 2 2 2
2 3 43
3 2 5 13
1 131
4 2 2 3 11
2 7 19
2 2 67
4 3 3 3 5
4 2 2 2 17
1 137
3 2 3 23
1 139
4 2 2 5 7
2 3 47
2 2 71
2 11 13
6 2 2 2 2 3 3
2 5 29
2 2 73
3 3 7 7
3 2 2 37
1 149
4 2 3 5 5
1 151
4 2 2 2 19
3 3 3 17
3 2 7 11
2 5 31
4 2 2 3 13
1 157
2 2 79
2 3 53
6 2 2 2 2 2 5
2 7 23
5 2 3 3 3 3
1 163
3 2 2 41
3 3 5 11
2 2 83
1 167
5 2 2 2 3 7
2 13 13
3 2 5 17
3 3 3 19
3 2 2 43
1 173
3 2 3 29
3 5 5 7
5 2 2 2 2 11
2 3 59
2 2 89
1 179
5 2 2 3 3 5
1 181
3 2 7 13
2 3 61
4 2 2 2 23
2 5 37
3 2 3 31
2 11 17
3 2 2 47
4 3 3 3 7
3 2 5 19
1 191
7 2 2 2 2 2 2 3
1 193
2 2 97
3 3 5 13
4 2 2 7 7
1 197
4 2 3 3 11
1 199
5 2 2 2 5 5
