13701436
49394 277842 26129 92331 152875 355181 362 198703 338876 66753 11401 311163 96386 17304 110883 140234 173454 98994 342220 291293 65774 319529 182219 143932 252439 127565 187578 294340 56855 85757 54517 61928 241498 50967 71605 329724 107310 184649 308697 81671 203964 358412 112466 184213 368247 205986 110431 59624 101223 102117 146151 54810 130528 313007 86626 92688 127832 75624 236311 306446 57161 333588 56089 885 79034 121657 64454 179117 366733 277966 180868 137065 326482 211300 376909 73813 300547 274273 157342 45459 98423 273304 316601 189315 297999 149966 17850
