56
266 22 0 2 3 5 7 10 17 19 20 25 30 36 39 42 44 63 81 86 90 115 118 126 127 133 162 164 165 172 193 194 40 28 35 38 50 200 184 94 60 6 13 21 33 34 97 125 203 205 209 210 213 158 144 70 27 9 12 43 52 152 155 177 196 93 85 111 178 197 219 68 45 87 147 217 148 221 78 223 225 159 231 235 154 163 175 243 250 99 167 238 181 236 253 76 256 259 65 141 180 246 261 264 265 267 186 11 16 47 145 23 24 29 31 41 46 49 88 114 122 224 132 51 55 71 56 57 58 59 109 66 69 72 80 91 150 73 168 79 240 105 82 96 83 84 179 227 89 92 131 189 207 176 185 95 143 98 108 183 100 101 102 103 120 110 121 112 113 123 128 130 134 136 138 140 146 151 173 153 157 192 160 166 169 170 174 182 187 188 190 191
