35
30 20 28 40 41 89 66 65 18 11 26 45 69 75 9 2 96 77 51 62 0 1 3 15 19 22 25 52 58 86 93 74 8 6 14 27 37 53 64 67 92 88 80 79 4 7 12 31 33 36 54 13 90 16 17 23 50 21 24 29 87 32 34 35 38 39 42 63 43 44 46 48 49 56 57 59 60 61 70 71 72 73 78 81 82 83 85
