95
171 59 113 158 49 45 20 10 4 3 12 21 23 26 27 33 39 41 42 57 60 69 78 94 104 161 167 188 206 214 159 108 91 190 198 0 1 24 67 106 115 2 137 5 6 9 15 35 47 66 79 123 155 156 7 11 14 50 140 13 55 121 182 192 16 153 203 17 196 18 56 19 43 68 102 202 179 22 114 136 160 25 28 30 31 53 62 95 210 73 97 101 163 211 32 34 36 144 37 74 38 40 44 48 51 170 52 54 58 162 61 63 119 195 64 70 80 201 71 125 72 128 75 178 76 142 172 77 82 83 84 85 86 87 103 88 89 90 92 112 187 93 96 98 99 100 105 107 118 127 131 150 109 154 110 111 116 145 117 120 138 122 124 126 129 130 132 133 164 135 139 141 143 146 157 147 148 149 151 152 165 166 168 173 174 175 176 177 180 181 189 183 184 186 191 193 194
