999000
1998000
2997000
3996000
4995000
5994000
6993000
7992000
8991000
10989000
11988000
12987000
13986000
14985000
15984000
16983000
17982000
18981000
20979000
21978000
22977000
23976000
24975000
25974000
26973000
27972000
28971000
30969000
31968000
32967000
33966000
34965000
35964000
36963000
37962000
38961000
40959000
41958000
42957000
43956000
44955000
45954000
46953000
47952000
48951000
50949000
51948000
52947000
53946000
54945000
55944000
56943000
57942000
58941000
60939000
61938000
62937000
63936000
64935000
65934000
66933000
67932000
68931000
70929000
71928000
72927000
73926000
74925000
75924000
76923000
77922000
78921000
80919000
81918000
82917000
83916000
84915000
85914000
86913000
87912000
88911000
90909000
91908000
92907000
93906000
94905000
95904000
96903000
97902000
98901000
